C251 COMPILER V5.60.0,  main                                                               04/10/26  20:45:53  PAGE 1   


C251 COMPILER V5.60.0, COMPILATION OF MODULE main
OBJECT MODULE PLACED IN .\out_file\main.obj
COMPILER INVOKED BY: D:\keil c251\C251\BIN\C251.EXE ..\user\main.c LARGE FLOAT64 ROM(HUGE) WARNINGLEVEL(3) OPTIMIZE(0,SI
                    -ZE) BROWSE INCDIR(..\user;..\own_f;..\mdk;..\code;..\..\libraries\doc;..\..\libraries\zf_common;..\..\libraries\zf_compo
                    -nents;..\..\libraries\zf_device;..\..\libraries\zf_driver) DEBUG PRINT(.\out_file\main.lst) TABS(2) OBJECT(.\out_file\ma
                    -in.obj) 

stmt  level    source

    1          #include "zf_common_headfile.h"
    2          #include "pid.h"
    3          #include "vofa.h"                                               // VOFA+ 在线调参 / 波形显示
    4          #include "board.h"
    5          #include "servo.h"
    6          #include "motor.h"
    7          #include "image.h"
    8          
    9          
   10          
   11          /*测试变量区*/
   12          float speed = 50;/*-300~300*/
   13          
   14          
   15          /*
   16          函数声明
   17          */
   18          void vofa_send_tick (void);
   19          
   20          
   21          //-------------------------------------------------------------------------------------------------------
             -------------
   22          // VOFA+ 在线调参 示例配置
   23          //   不需要在线调参时 把 VOFA_DEMO_ENABLE 改成 0 即可（下面所有相关调用会自动消失）
   24          //-------------------------------------------------------------------------------------------------------
             -------------
   25          #define VOFA_DEMO_ENABLE        (0)             // 1 = 打开 VOFA+ 在线调参示例  0 = 关闭
   26          
   27          #if VOFA_DEMO_ENABLE
               float vofa_kp = 30.0f;                          // 通道 0 待调参数
               float vofa_ki =  10.0f;                          // 通道 1 待调参数
               float vofa_kd =  0.0f;                          // 通道 2 待调参数
               
               float vofa_wave_target = 0.0f;                  // 通道 3 波形通道（换成你要观察的量 例如目标速度）
               float vofa_wave_now    = 0.0f;                  // 通道 4 波形通道（换成你要观察的量 例如实际速度）
               
               // 参数指针表 数组下标就是 VOFA+ 里设置的通道号
               float *vofa_param_table[4];
                {
                   (float *)&speed_kp,
                   (float *)&speed_ki,
                   (float *)&speed_kp,
                   (float *)&speed,
               };
               
               vuint8 vofa_send_request = 0;                   // 定时器里置位 主循环里发送
               
               
               //-------------------------------------------------------------------------------------------------------
             -------------
               // 函数简介     VOFA+ 波形发送定时器回调（20ms 一次 也就是 50Hz 波形刷新）
               // 备注信息     中断里只置标志位 真正的发送放到主循环里做 避免长时间阻塞中断
               //-------------------------------------------------------------------------------------------------------
             -------------
               void vofa_send_tick (void)
               {
C251 COMPILER V5.60.0,  main                                                               04/10/26  20:45:53  PAGE 2   

                   vofa_send_request = 1;
               }
               #endif
   56          
   57          
   58          
   59          /*周期中断服务函数测试*/
   60          void PIT_Function_Timer0(void)
   61          {
   62   1          static uint16 Pid_Count;
   63   1      
   64   1      #if VOFA_DEMO_ENABLE
                   static uint8  VofaCount;                            // VOFA+ 波形发送节拍计数
                   VofaCount ++;
               
               #endif
   69   1      
   70   1          Pid_Count ++; 
   71   1          
   72   1      
   73   1      #if VOFA_DEMO_ENABLE
                   // VOFA+ 波形发送节拍  1ms * 20 = 20ms 发一帧(50Hz)
                   // 不要再用 pit_ms_init(TIM11_PIT, 20, ...) 来产生这个节拍：库函数 system_delay() 内部占用的
                   // 就是定时器 11，而 ips200_init() 里的 system_delay_ms() 会把定时器 11 的配置和中断允许位
                   // 一起清掉(T11CR = 0)，之后 TIM11 中断永远不再产生，波形一帧都发不出去
                   if(VofaCount >= 20)
                   {
                       VofaCount = 0;
                       vofa_send_tick();
                   }
               #endif
   84   1      
   85   1          if(Pid_Count >= 5)
   86   1          {
   87   2              Pid_Count = 0;
   88   2              motor_speed_control();
   89   2          }
   90   1              
   91   1      }
   92          
   93          /*全部初始化*/
   94          void init_all(void)
   95          {
   96   1          clock_init(SYSTEM_CLOCK_96M);
   97   1      
   98   1      #if VOFA_DEMO_ENABLE
                   vofa_usb_init(vofa_param_table, 4);                                 // 初始化 VOFA+（走 USB 虚拟串口 
             -插着下载线就行）
               
               #endif
  102   1      
  103   1          /*屏幕初始化部分,注意初始化时序*/
  104   1          {
  105   2              ips200_set_dir(IPS200_CROSSWISE_180);
  106   2          }
  107   1        ips200_init();
  108   1          {
  109   2              ips200_clear(RGB565_BLUE);
  110   2              ips200_set_color(RGB565_WHITE, RGB565_BLUE);
  111   2      
  112   2          }
  113   1      
  114   1          servo_init();
  115   1      
  116   1          /*已包含encoder_init()*/
  117   1          motor_init();
C251 COMPILER V5.60.0,  main                                                               04/10/26  20:45:53  PAGE 3   

  118   1      
  119   1          while (mt9v03x_init()) 
  120   1          {
  121   2              system_delay_ms(800);
  122   2          }
  123   1      
  124   1          pit_ms_init(TIM0_PIT,1,PIT_Function_Timer0);
  125   1      }
  126          
  127          
  128          
  129          
  130          
  131          
  132          
  133          void main(void)
  134          {
  135   1          init_all();
  136   1      
  137   1          motor_set_target(0,0);
  138   1          
  139   1          while(1)
  140   1          {
  141   2              if (image_update())                     /* 有新帧：算阈值 + 存快照（不清标志） */
  142   2                  {
  143   3                      tracking_task();                    /* ★扫线 → 十字补线 → 舵机 */
*** WARNING C140 IN LINE 143 OF ..\user\main.c: 'tracking_task' undefined; assuming 'extern int tracking_task()'
  144   3                      tracking_draw();                    /* ★调试期打开：画三条线 */
*** WARNING C140 IN LINE 144 OF ..\user\main.c: 'tracking_draw' undefined; assuming 'extern int tracking_draw()'
  145   3                      image_frame_done();                 /* ★处理完才放行，避免撕裂 */
  146   3                      image_show();
  147   3                  }
  148   2      
  149   2      
  150   2              motor_set_target((int16)speed,(int16)speed);
  151   2      
  152   2      /*vofa调参部分*/
  153   2      #if VOFA_DEMO_ENABLE
                       vofa_apply_param();                                             // 把上位机发来的新参数写进变量（
             -开销极小 每圈都调用）
               
                       if(vofa_send_request)                                           // 20ms 时间到 发一帧波形给 VOFA+
                       {
                           float wave[5];
               
                           vofa_send_request = 0;
               
                           wave[0] = speed_r;                                          // 通道 0
                           wave[1] = speed_l;                                          // 通道 1
                           wave[2] = speed;                                          // 通道 2
                           wave[3] = vofa_wave_target;                                 // 通道 3
                           wave[4] = vofa_wave_now;                                    // 通道 4
                           vofa_send_wave(wave, 5);                                    // JustFloat 发送
                       }
               #endif    
  170   2          }
  171   1      }


Module Information          Static   Overlayable
------------------------------------------------
  code size            =    ------     ------
  ecode size           =       308     ------
  data size            =    ------     ------
  idata size           =    ------     ------
  pdata size           =    ------     ------
  xdata size           =         6     ------
C251 COMPILER V5.60.0,  main                                                               04/10/26  20:45:53  PAGE 4   

  xdata-const size     =    ------     ------
  edata size           =    ------     ------
  bit size             =    ------     ------
  ebit size            =    ------     ------
  bitaddressable size  =    ------     ------
  ebitaddressable size =    ------     ------
  far data size        =    ------     ------
  huge data size       =    ------     ------
  const size           =    ------     ------
  hconst size          =        11     ------
End of Module Information.


C251 COMPILATION COMPLETE.  2 WARNING(S),  0 ERROR(S)
