C251 COMPILER V5.60.0,  motor                                                              04/10/26  12:51:52  PAGE 1   


C251 COMPILER V5.60.0, COMPILATION OF MODULE motor
OBJECT MODULE PLACED IN .\out_file\motor.obj
COMPILER INVOKED BY: D:\keil c251\C251\BIN\C251.EXE ..\own_f\motor.c LARGE FLOAT64 ROM(HUGE) WARNINGLEVEL(3) OPTIMIZE(0,
                    -SIZE) BROWSE INCDIR(..\user;..\own_f;..\mdk;..\code;..\..\libraries\doc;..\..\libraries\zf_common;..\..\libraries\zf_com
                    -ponents;..\..\libraries\zf_device;..\..\libraries\zf_driver) DEBUG PRINT(.\out_file\motor.lst) TABS(2) OBJECT(.\out_file
                    -\motor.obj) 

stmt  level    source

    1          #include "motor.h"
    2          
    3          volatile int16 speed_l = 0;
    4          volatile int16 speed_r = 0;
    5          
    6          volatile float speed_kp = 30.0f;
    7          volatile float speed_ki =  10.0f;
    8          
    9          static uint16 Left_PWM,Right_PWM;
   10          static PID_T Left_SpeedPidStructure,Right_SpeedPidStructure;
   11          
   12          static volatile int16  target_l = 0, target_r = 0;
   13          
   14          /*编码器初始化*/
   15          void encoder_init(void)
   16          {
   17   1        encoder_dir_init(PWMC_ENCODER, PWMC_ENCODER_CH1P_P40, PWMC_ENCODER_CH2P_P42);
   18   1          encoder_dir_init(PWMA_ENCODER, PWMA_ENCODER_CH1P_P60, PWMA_ENCODER_CH2P_P62); 
   19   1      }
   20          
   21          /*获取编码器(速度)值*/
   22          void encoder_update(void)
   23          {
   24   1        speed_l = encoder_get_count(PWMC_ENCODER);
   25   1        speed_r = -encoder_get_count(PWMA_ENCODER);
   26   1      
   27   1        encoder_clear_count(PWMC_ENCODER);
   28   1        encoder_clear_count(PWMA_ENCODER);
   29   1      }
   30          
   31          /*结构体成员初始化*/
   32          void motor_param_init(void)
   33          {
   34   1          Left_SpeedPidStructure.outmax = 8000;
   35   1          Left_SpeedPidStructure.outmin = -8000;
   36   1      
   37   1          Right_SpeedPidStructure.outmax = 8000;
   38   1          Right_SpeedPidStructure.outmin = -8000;
   39   1      }
   40          
   41          /*电机初始化*/
   42          void motor_init(void) 
   43          {
   44   1          encoder_init();
   45   1          motor_param_init();
   46   1      
   47   1          gpio_init(DIR_1, GPO, GPIO_HIGH, GPO_PUSH_PULL);
   48   1          gpio_init(DIR_2, GPO, GPIO_HIGH, GPO_PUSH_PULL);
   49   1          pwm_init(PWM_1, 17000, 0);//17khz
   50   1          pwm_init(PWM_2, 17000, 0);
   51   1      }
   52          
   53          /*电机速度控制*/
   54          void motor_set_target(int16 speedl,int16 speedr)
   55          {
   56   1          target_l = speedl;
C251 COMPILER V5.60.0,  motor                                                              04/10/26  12:51:52  PAGE 2   

   57   1          target_r = speedr;
   58   1      }
   59          
   60          /*电机停转*/
   61          void motor_stop(void)
   62          {
   63   1          motor_set_target(0,0);
   64   1      }
   65          
   66          
   67          /*定时器定时控制pid函数 10ms*/
   68          void motor_speed_control(void)
   69          {
   70   1          encoder_update();
   71   1          Left_SpeedPidStructure.target  = target_l;
   72   1          Right_SpeedPidStructure.target = target_r;
   73   1          Left_SpeedPidStructure.actual = speed_l;
   74   1          Right_SpeedPidStructure.actual = speed_r;
   75   1          Left_SpeedPidStructure.kp = speed_kp;
   76   1          Right_SpeedPidStructure.kp = speed_kp;
   77   1          Left_SpeedPidStructure.ki = speed_ki;
   78   1          Right_SpeedPidStructure.ki = speed_ki;
   79   1          
   80   1      
   81   1      
   82   1          PID_Update(&Left_SpeedPidStructure);
   83   1          PID_Update(&Right_SpeedPidStructure);
   84   1      
   85   1          if(Left_SpeedPidStructure.out >= 0)
   86   1          {
   87   2              gpio_set_level(DIR_2, !0);//对于左电机,1是正转
   88   2              Left_PWM = (uint16)Left_SpeedPidStructure.out;
   89   2          }
   90   1          else
   91   1          {
   92   2              gpio_set_level(DIR_2, 0);//对于左电机,1是正转
   93   2              Left_PWM = (uint16)(-Left_SpeedPidStructure.out);
   94   2          }
   95   1          if(Right_SpeedPidStructure.out >= 0)
   96   1          {
   97   2              gpio_set_level(DIR_1, 0);//对于左电机,1是正转
   98   2              Right_PWM = (uint16)Right_SpeedPidStructure.out;
   99   2          }
  100   1          else
  101   1          {
  102   2              gpio_set_level(DIR_1, !0);//对于左电机,1是正转
  103   2              Right_PWM = (uint16)(-Right_SpeedPidStructure.out);
  104   2          }
  105   1      
  106   1          pwm_set_duty(PWM_2,Left_PWM);
  107   1          pwm_set_duty(PWM_1,Right_PWM);
  108   1      }
  109          


Module Information          Static   Overlayable
------------------------------------------------
  code size            =    ------     ------
  ecode size           =       677     ------
  data size            =    ------     ------
  idata size           =    ------     ------
  pdata size           =    ------     ------
  xdata size           =       128     ------
  xdata-const size     =    ------     ------
  edata size           =    ------     ------
  bit size             =    ------     ------
  ebit size            =    ------     ------
C251 COMPILER V5.60.0,  motor                                                              04/10/26  12:51:52  PAGE 3   

  bitaddressable size  =    ------     ------
  ebitaddressable size =    ------     ------
  far data size        =    ------     ------
  huge data size       =    ------     ------
  const size           =    ------     ------
  hconst size          =        46     ------
End of Module Information.


C251 COMPILATION COMPLETE.  0 WARNING(S),  0 ERROR(S)
