C251 COMPILER V5.60.0,  seekfree_assistant_inface                                          04/10/26  14:31:08  PAGE 1   


C251 COMPILER V5.60.0, COMPILATION OF MODULE seekfree_assistant_inface
OBJECT MODULE PLACED IN .\out_file\seekfree_assistant_inface.obj
COMPILER INVOKED BY: D:\keil c251\C251\BIN\C251.EXE ..\..\libraries\zf_components\seekfree_assistant_inface.c LARGE FLOA
                    -T64 ROM(HUGE) WARNINGLEVEL(3) OPTIMIZE(0,SIZE) BROWSE INCDIR(..\user;..\own_f;..\mdk;..\code;..\..\libraries\doc;..\..\l
                    -ibraries\zf_common;..\..\libraries\zf_components;..\..\libraries\zf_device;..\..\libraries\zf_driver) DEBUG PRINT(.\out_
                    -file\seekfree_assistant_inface.lst) TABS(2) OBJECT(.\out_file\seekfree_assistant_inface.obj) 

stmt  level    source

    1          /********************************************************************************************************
             -*************
    2          * STC32G144K Opensourec Library 即（STC32G144K 开源库）是一个基于官方 SDK 接口的第三方开源库
    3          * Copyright (c) 2025 SEEKFREE 逐飞科技
    4          *
    5          * 本文件是STC32G144K开源库的一部分
    6          *
    7          * STC32G144K 开源库 是免费软件
    8          * 您可以根据自由软件基金会发布的 GPL（GNU General Public License，即 GNU通用公共许可证）的条款
    9          * 即 GPL 的第3版（即 GPL3.0）或（您选择的）任何后来的版本，重新发布和/或修改它
   10          *
   11          * 本开源库的发布是希望它能发挥作用，但并未对其作任何的保证
   12          * 甚至没有隐含的适销性或适合特定用途的保证
   13          * 更多细节请参见 GPL
   14          *
   15          * 您应该在收到本开源库的同时收到一份 GPL 的副本
   16          * 如果没有，请参阅<https://www.gnu.org/licenses/>
   17          *
   18          * 额外注明：
   19          * 本开源库使用 GPL3.0 开源许可证协议 以上许可申明为译文版本
   20          * 许可申明英文版在 libraries/doc 文件夹下的 GPL3_permission_statement.txt 文件中
   21          * 许可证副本在 libraries 文件夹下 即该文件夹下的 LICENSE 文件
   22          * 欢迎各位使用并传播本程序 但修改内容时必须保留逐飞科技的版权声明（即本声明）
   23          *
   24          * 文件名称          
   25          * 公司名称          成都逐飞科技有限公司
   26          * 版本信息          查看 libraries/doc 文件夹内 version 文件 版本说明
   27          * 开发环境          MDK FOR C251
   28          * 适用平台          STC32G144K
   29          * 店铺链接          https://seekfree.taobao.com/
   30          *
   31          * 修改记录
   32          * 日期              作者           备注
   33          * 2025-11-20        大W            first version
   34          *********************************************************************************************************
             -***********/
   35          
   36          #include "seekfree_assistant.h"
   37          
   38          
   39          //-------------------------------------------------------------------------------------------------------
             -------------
   40          // 函数简介     逐飞助手发送函数
   41          // 参数说明     *buff           需要发送的数据地址
   42          // 参数说明     length          需要发送的长度
   43          // 返回参数     uint32          剩余未发送数据长度
   44          // 使用示例
   45          //-------------------------------------------------------------------------------------------------------
             -------------
   46          uint32 (*seekfree_assistant_transfer)   (const uint8 *buff, uint32 length);
   47          
   48          
   49          //-------------------------------------------------------------------------------------------------------
             -------------
   50          // 函数简介     逐飞助手接收数据函数
   51          // 参数说明     *buff           需要接收的数据地址
C251 COMPILER V5.60.0,  seekfree_assistant_inface                                          04/10/26  14:31:08  PAGE 2   

   52          // 参数说明     length          要接收的数据最大长度
   53          // 返回参数     uint32          接收到的数据长度
   54          // 使用示例
   55          //-------------------------------------------------------------------------------------------------------
             -------------
   56          uint32 (*seekfree_assistant_receive)    (uint8 *buff, uint32 length);
   57          


Module Information          Static   Overlayable
------------------------------------------------
  code size            =    ------     ------
  ecode size           =    ------     ------
  data size            =    ------     ------
  idata size           =    ------     ------
  pdata size           =    ------     ------
  xdata size           =         8     ------
  xdata-const size     =    ------     ------
  edata size           =    ------     ------
  bit size             =    ------     ------
  ebit size            =    ------     ------
  bitaddressable size  =    ------     ------
  ebitaddressable size =    ------     ------
  far data size        =    ------     ------
  huge data size       =    ------     ------
  const size           =    ------     ------
  hconst size          =    ------     ------
End of Module Information.


C251 COMPILATION COMPLETE.  0 WARNING(S),  0 ERROR(S)
