Build target 'stc32g144k246'
compiling main.c...
..\user\vofa.h(69): error C25: syntax error near ')'
compiling vofa.c...
..\user\vofa.h(69): error C25: syntax error near ')'
..\user\vofa.c(141): warning C98: parameter 3: pointer to different objects
..\user\vofa.c(141): warning C91: '&': pointer to different objects
..\user\vofa.c(157): warning C95: 'vofa_receive_parse': too many actual parameters
..\user\vofa.c(157): warning C191: 'vofa_receive_parse()': potential runtime problem with K&R parameters
..\user\vofa.c(167): error C25: syntax error near ')'
..\user\vofa.c(175): error C25: syntax error near 'data'
..\user\vofa.c(183): error C25: syntax error near 'data'
..\user\vofa.c(185): error C25: syntax error near 'data'
..\user\vofa.c(185): error C25: syntax error near ';'
..\user\vofa.c(186): warning C194: obsolete declaration: use '<type> data  vofa_index'
..\user\vofa.c(187): error C25: syntax error near '.'
..\user\vofa.c(188): error C25: syntax error near '}'
..\user\vofa.c(191): error C25: syntax error near '.'
..\user\vofa.c(191): error C53: redefinition of 'state'
..\user\vofa.c(192): error C25: syntax error near '}'
..\user\vofa.c(195): error C25: syntax error near ':'
..\user\vofa.c(195): error C7: compilation aborted
Target not created.
Build Time Elapsed:  00:00:01
